---
source: src/paths/path.rs
expression: samples
---
[
    Vector3 {
        x: 43.30127018922194,
        y: 24.999999999999996,
        z: 0.0,
    },
    Vector3 {
        x: 22.911326086370522,
        y: 44.44177243274618,
        z: 0.0,
    },
    Vector3 {
        x: -4.752802165209135,
        y: 49.773596128654226,
        z: 0.0,
    },
    Vector3 {
        x: -30.907949311030265,
        y: 39.30265473713937,
        z: 0.0,
    },
    Vector3 {
        x: -47.25004093573343,
        y: 16.35339816587107,
        z: 0.0,
    },
    Vector3 {
        x: -48.59057841617708,
        y: -11.787946775471378,
        z: 0.0,
    },
    Vector3 {
        x: -34.50395057410559,
        y: -36.18670190525352,
        z: 0.0,
    },
    Vector3 {
        x: -9.462562218020484,
        y: -49.09643486313534,
        z: 0.0,
    },
    Vector3 {
        x: 18.583122783016385,
        y: -46.41839665080363,
        z: 0.0,
    },
    Vector3 {
        x: 40.72879760251678,
        y: -29.002845478559912,
        z: 0.0,
    },
    Vector3 {
        x: 49.943366959150396,
        y: -2.37909579118714,
        z: 0.0,
    },
    Vector3 {
        x: 43.30127018922194,
        y: 24.999999999999996,
        z: 0.0,
    },
]
