---
source: src/paths/path.rs
expression: samples
---
[
    Vector3 {
        x: 43.30127,
        y: 25.0,
        z: 0.0,
    },
    Vector3 {
        x: -43.30127,
        y: 25.000004,
        z: 0.0,
    },
    Vector3 {
        x: 5.9624404e-7,
        y: -50.0,
        z: 0.0,
    },
    Vector3 {
        x: 43.30127,
        y: 25.0,
        z: 0.0,
    },
]
