---
source: src/paths/path.rs
expression: samples
---
[
    Vector3 {
        x: 43.30127,
        y: 25.0,
        z: 0.0,
    },
    Vector3 {
        x: 32.8376,
        y: 37.705334,
        z: 0.0,
    },
    Vector3 {
        x: 18.815468,
        y: 46.324703,
        z: 0.0,
    },
    Vector3 {
        x: 2.7543879,
        y: 49.924076,
        z: 0.0,
    },
    Vector3 {
        x: -13.605173,
        y: 48.1134,
        z: 0.0,
    },
    Vector3 {
        x: -28.490406,
        y: 41.088886,
        z: 0.0,
    },
    Vector3 {
        x: -40.288258,
        y: 29.611757,
        z: 0.0,
    },
    Vector3 {
        x: -47.72025,
        y: 14.9257345,
        z: 0.0,
    },
    Vector3 {
        x: -49.981014,
        y: -1.3777224,
        z: 0.0,
    },
    Vector3 {
        x: -46.82556,
        y: -17.531881,
        z: 0.0,
    },
    Vector3 {
        x: -38.59583,
        y: -31.786192,
        z: 0.0,
    },
    Vector3 {
        x: -26.183641,
        y: -42.595974,
        z: 0.0,
    },
    Vector3 {
        x: -10.934062,
        y: -48.789818,
        z: 0.0,
    },
    Vector3 {
        x: 5.500416,
        y: -49.696533,
        z: 0.0,
    },
    Vector3 {
        x: 21.338837,
        y: -45.21785,
        z: 0.0,
    },
    Vector3 {
        x: 34.86486,
        y: -35.839104,
        z: 0.0,
    },
    Vector3 {
        x: 44.61273,
        y: -22.576633,
        z: 0.0,
    },
    Vector3 {
        x: 49.52611,
        y: -6.867627,
        z: 0.0,
    },
    Vector3 {
        x: 49.072563,
        y: 9.585586,
        z: 0.0,
    },
    Vector3 {
        x: 43.30127,
        y: 25.0,
        z: 0.0,
    },
]
