---
source: src/paths/path.rs
expression: "[path.eval(0.0), path.eval(0.5), path.eval(1.0)]"
---
[
    Vector3 {
        x: 0.0,
        y: 0.0,
        z: 0.0,
    },
    Vector3 {
        x: 1.0,
        y: 1.0,
        z: 0.0,
    },
    Vector3 {
        x: 2.0,
        y: 2.0,
        z: 0.0,
    },
]
