---
source: src/paths/path.rs
expression: samples
---
[
    Vector3 {
        x: 43.30127,
        y: 25.0,
        z: 0.0,
    },
    Vector3 {
        x: 17.101007,
        y: 46.98463,
        z: 0.0,
    },
    Vector3 {
        x: -17.101011,
        y: 46.98463,
        z: 0.0,
    },
    Vector3 {
        x: -43.301277,
        y: 24.99999,
        z: 0.0,
    },
    Vector3 {
        x: -49.240387,
        y: -8.682423,
        z: 0.0,
    },
    Vector3 {
        x: -32.139378,
        y: -38.302227,
        z: 0.0,
    },
    Vector3 {
        x: 5.9624404e-7,
        y: -50.0,
        z: 0.0,
    },
    Vector3 {
        x: 32.139378,
        y: -38.302223,
        z: 0.0,
    },
    Vector3 {
        x: 49.240387,
        y: -8.682423,
        z: 0.0,
    },
    Vector3 {
        x: 43.30127,
        y: 25.0,
        z: 0.0,
    },
]
