---
source: src/paths/path.rs
expression: samples
---
[
    Vector2 {
        x: 43.30127,
        y: 25.0,
    },
    Vector2 {
        x: 31.34619,
        y: 38.95403,
    },
    Vector2 {
        x: 15.157636,
        y: 47.647102,
    },
    Vector2 {
        x: -3.0780413,
        y: 49.905167,
    },
    Vector2 {
        x: -20.898018,
        y: 45.423264,
    },
    Vector2 {
        x: -35.895596,
        y: 34.806698,
    },
    Vector2 {
        x: -46.045273,
        y: 19.489296,
    },
    Vector2 {
        x: -49.976288,
        y: 1.5397574,
    },
    Vector2 {
        x: -47.157722,
        y: -16.617735,
    },
    Vector2 {
        x: -37.97025,
        y: -32.53091,
    },
    Vector2 {
        x: -23.654675,
        y: -44.05061,
    },
    Vector2 {
        x: -6.1444016,
        y: -49.62103,
    },
    Vector2 {
        x: 12.195708,
        y: -48.48984,
    },
    Vector2 {
        x: 28.88872,
        y: -40.809826,
    },
    Vector2 {
        x: 41.68014,
        y: -27.618212,
    },
    Vector2 {
        x: 48.842426,
        y: -10.696601,
    },
    Vector2 {
        x: 49.408264,
        y: 7.669638,
    },
    Vector2 {
        x: 43.30127,
        y: 25.0,
    },
]
