---
source: src/paths/curves.rs
expression: "[curve.eval(0.0), curve.eval(0.25), curve.eval(0.5), curve.eval(0.75),\n        curve.eval(1.0)]"
---
[
    Vector2 {
        x: 0.0,
        y: 0.0,
    },
    Vector2 {
        x: 0.5,
        y: 0.5,
    },
    Vector2 {
        x: 1.0,
        y: 1.0,
    },
    Vector2 {
        x: 1.5,
        y: 1.5,
    },
    Vector2 {
        x: 2.0,
        y: 2.0,
    },
]
