---
source: src/paths/path.rs
expression: samples
---
[
    Vector2 {
        x: 43.30127,
        y: 25.0,
    },
    Vector2 {
        x: 20.33683,
        y: 45.677273,
    },
    Vector2 {
        x: -10.395587,
        y: 48.90738,
    },
    Vector2 {
        x: -37.157246,
        y: 33.456524,
    },
    Vector2 {
        x: -49.726097,
        y: 5.2264132,
    },
    Vector2 {
        x: -43.30126,
        y: -25.00001,
    },
    Vector2 {
        x: -20.33681,
        y: -45.677284,
    },
    Vector2 {
        x: 10.39562,
        y: -48.90737,
    },
    Vector2 {
        x: 37.157272,
        y: -33.456493,
    },
    Vector2 {
        x: 49.7261,
        y: -5.2263613,
    },
    Vector2 {
        x: 43.30127,
        y: 25.0,
    },
]
