---
source: src/path/mod.rs
expression: c.to_svg_path_d()
---
"M 263.64,131.82 C 263.64,204.13431260817808 204.13431260817808,263.64 131.82,263.64 C 59.50568739182191,263.64 0.000000000000008855949146814638,204.1343126081781 0,131.82000000000002 C -0.000000000000008855949146814638,59.50568739182194 59.50568739182188,0.000000000000013283923720221957 131.81999999999996,0 C 204.13431260817805,-0.000000000000013283923720221957 263.64,59.50568739182188 263.64,131.81999999999996 Z"
