---
source: src/path/mod.rs
expression: c.to_svg_path_d()
---
"M 70.98,35.49 C 70.98,54.95923800989411 54.95923800989411,70.98 35.49,70.98 C 16.0207619901059,70.98 0.0000000000000023842940010654797,54.95923800989411 0,35.49000000000001 C -0.0000000000000023842940010654797,16.020761990105907 16.020761990105893,0.0000000000000035764410015982196 35.489999999999995,0 C 54.959238009894094,-0.0000000000000035764410015982196 70.98,16.020761990105893 70.98,35.489999999999995 Z"
