---
source: src/path/mod.rs
expression: c.to_svg_path_d()
---
"M 365.04,182.52 C 365.04,282.6475097651697 282.6475097651697,365.04 182.52,365.04 C 82.39249023483033,365.04 0.000000000000012262083434051039,282.64750976516973 0,182.52000000000004 C -0.000000000000012262083434051039,82.39249023483036 82.3924902348303,0.000000000000018393125151076557 182.51999999999998,0 C 282.6475097651697,-0.000000000000018393125151076557 365.04,82.39249023483028 365.04,182.51999999999995 Z"
