---
source: src/path/mod.rs
expression: c.to_svg_path_d()
---
"M 30.42,15.21 C 30.42,23.553959147097473 23.553959147097473,30.42 15.210000000000003,30.42 C 6.866040852902531,30.42 0.0000000000000010218402861709199,23.553959147097473 0,15.210000000000003 C -0.0000000000000010218402861709199,6.866040852902531 6.866040852902525,0.0000000000000015327604292563797 15.209999999999997,0 C 23.55395914709747,-0.0000000000000015327604292563797 30.419999999999998,6.866040852902525 30.42,15.209999999999997 Z"
