---
source: src/path/mod.rs
expression: c.to_svg_path_d()
---
"M 192.66000000000003,96.33000000000001 C 192.66000000000003,149.17507459828403 149.17507459828403,192.66000000000003 96.33000000000001,192.66000000000003 C 43.48492540171601,192.66000000000003 0.00000000000000647165514574916,149.17507459828403 0,96.33000000000003 C -0.00000000000000647165514574916,43.484925401716026 43.484925401716,0.000000000000009707482718623738 96.33,0 C 149.175074598284,-0.000000000000009707482718623738 192.66000000000003,43.484925401715984 192.66000000000003,96.32999999999998 Z"
