---
source: src/path/mod.rs
expression: c.to_svg_path_d()
---
"M 294.06,147.03 C 294.06,227.68827175527557 227.68827175527557,294.06 147.03,294.06 C 66.37172824472444,294.06 0.000000000000009877789432985558,227.6882717552756 0,147.03000000000003 C -0.000000000000009877789432985558,66.37172824472447 66.37172824472441,0.000000000000014816684149478338 147.02999999999997,0 C 227.68827175527554,-0.000000000000014816684149478338 294.06,66.37172824472441 294.06,147.02999999999997 Z"
