---
source: src/path/mod.rs
expression: c.to_svg_path_d()
---
"M 324.48,162.24 C 324.48,251.24223090237305 251.24223090237305,324.48 162.24,324.48 C 73.23776909762697,324.48 0.00000000000001089962971915648,251.24223090237308 0,162.24000000000004 C -0.00000000000001089962971915648,73.237769097627 73.23776909762694,0.000000000000016349444578734718 162.23999999999998,0 C 251.24223090237302,-0.000000000000016349444578734718 324.48,73.23776909762694 324.48,162.23999999999998 Z"
