---
source: src/path/mod.rs
expression: c.to_svg_path_d()
---
"M 202.8,101.4 C 202.8,157.02639431398316 157.02639431398316,202.8 101.4,202.8 C 45.77360568601686,202.8 0.0000000000000068122685744727995,157.02639431398316 0,101.40000000000002 C -0.0000000000000068122685744727995,45.77360568601687 45.77360568601684,0.000000000000010218402861709198 101.39999999999999,0 C 157.02639431398313,-0.000000000000010218402861709198 202.8,45.77360568601683 202.8,101.39999999999998 Z"
