---
source: src/path/mod.rs
expression: c.to_svg_path_d()
---
"M 243.36,121.68 C 243.36,188.43167317677978 188.43167317677978,243.36 121.68000000000002,243.36 C 54.928326823220246,243.36 0.000000000000008174722289367359,188.43167317677978 0,121.68000000000002 C -0.000000000000008174722289367359,54.928326823220246 54.9283268232202,0.000000000000012262083434051037 121.67999999999998,0 C 188.43167317677975,-0.000000000000012262083434051037 243.35999999999999,54.9283268232202 243.36,121.67999999999998 Z"
