---
source: src/path/mod.rs
expression: c.to_svg_path_d()
---
"M 10.14,5.07 C 10.14,7.851319715699158 7.851319715699158,10.14 5.07,10.14 C 2.2886802843008427,10.14 0.00000000000000034061342872364,7.851319715699159 0,5.070000000000001 C -0.00000000000000034061342872364,2.2886802843008436 2.288680284300842,0.0000000000000005109201430854599 5.069999999999999,0 C 7.851319715699157,-0.0000000000000005109201430854599 10.14,2.288680284300842 10.14,5.069999999999999 Z"
