---
source: src/path/mod.rs
expression: c.to_svg_path_d()
---
"M 60.84,30.42 C 60.84,47.107918294194945 47.107918294194945,60.84 30.420000000000005,60.84 C 13.732081705805061,60.84 0.0000000000000020436805723418397,47.107918294194945 0,30.420000000000005 C -0.0000000000000020436805723418397,13.732081705805061 13.73208170580505,0.0000000000000030655208585127594 30.419999999999995,0 C 47.10791829419494,-0.0000000000000030655208585127594 60.839999999999996,13.73208170580505 60.84,30.419999999999995 Z"
