---
source: src/path/mod.rs
expression: c.to_svg_path_d()
---
"M 111.54,55.77 C 111.54,86.36451687269073 86.36451687269073,111.54 55.77,111.54 C 25.17548312730927,111.54 0.00000000000000374674771596004,86.36451687269074 0,55.77000000000001 C -0.00000000000000374674771596004,25.175483127309278 25.175483127309263,0.000000000000005620121573940059 55.769999999999996,0 C 86.36451687269073,-0.000000000000005620121573940059 111.53999999999999,25.175483127309256 111.54,55.76999999999999 Z"
