---
source: src/path/command.rs
assertion_line: 994
expression: "vec![arc_cmd.sample(0.5, from), quadratic_curve_cmd.sample(0.5, from),\n    cubic_curve_cmd.sample(0.5, from), line_cmd.sample(0.5, from),]"
---
[
    (
        -20.62942739242982,
        53.63431706922085,
    ),
    (
        50.0,
        55.0,
    ),
    (
        38.75,
        46.25,
    ),
    (
        50.0,
        50.0,
    ),
]
