---
source: src/path/mod.rs
expression: c.to_svg_path_d()
---
"M 314.34000000000003,157.17000000000002 C 314.34000000000003,243.39091118667392 243.39091118667392,314.34000000000003 157.17000000000002,314.34000000000003 C 70.94908881332613,314.34000000000003 0.00000000000001055901629043284,243.39091118667392 0,157.17000000000004 C -0.00000000000001055901629043284,70.94908881332616 70.9490888133261,0.000000000000015838524435649258 157.17,0 C 243.39091118667386,-0.000000000000015838524435649258 314.34000000000003,70.9490888133261 314.34000000000003,157.17 Z"
