---
source: src/path/mod.rs
expression: c.to_svg_path_d()
---
"M 415.74,207.87 C 415.74,321.9041083436655 321.9041083436655,415.74 207.87,415.74 C 93.83589165633455,415.74 0.00000000000001396515057766924,321.9041083436655 0,207.87000000000003 C -0.00000000000001396515057766924,93.83589165633458 93.83589165633452,0.000000000000020947725866503856 207.86999999999998,0 C 321.9041083436654,-0.000000000000020947725866503856 415.74,93.8358916563345 415.74,207.86999999999995 Z"
