---
source: src/path/mod.rs
expression: c.to_svg_path_d()
---
"M 283.92,141.96 C 283.92,219.83695203957643 219.83695203957643,283.92 141.96,283.92 C 64.0830479604236,283.92 0.000000000000009537176004261919,219.83695203957643 0,141.96000000000004 C -0.000000000000009537176004261919,64.08304796042363 64.08304796042357,0.000000000000014305764006392878 141.95999999999998,0 C 219.83695203957637,-0.000000000000014305764006392878 283.92,64.08304796042357 283.92,141.95999999999998 Z"
