---
source: src/path/mod.rs
expression: c.to_svg_path_d()
---
"M 486.72,243.36 C 486.72,376.86334635355956 376.86334635355956,486.72 243.36000000000004,486.72 C 109.85665364644049,486.72 0.000000000000016349444578734718,376.86334635355956 0,243.36000000000004 C -0.000000000000016349444578734718,109.85665364644049 109.8566536464404,0.000000000000024524166868102075 243.35999999999996,0 C 376.8633463535595,-0.000000000000024524166868102075 486.71999999999997,109.8566536464404 486.72,243.35999999999996 Z"
