---
source: src/path/mod.rs
expression: c.to_svg_path_d()
---
"M 425.88,212.94 C 425.88,329.7554280593646 329.7554280593646,425.88 212.94,425.88 C 96.12457194063539,425.88 0.000000000000014305764006392878,329.75542805936465 0,212.94000000000003 C -0.000000000000014305764006392878,96.12457194063542 96.12457194063536,0.000000000000021458646009589316 212.93999999999997,0 C 329.7554280593646,-0.000000000000021458646009589316 425.87999999999994,96.12457194063533 425.88,212.93999999999994 Z"
