---
source: src/path/mod.rs
expression: c.to_svg_path_d()
---
"M 395.46000000000004,197.73000000000002 C 395.46000000000004,306.20146891226716 306.20146891226716,395.46000000000004 197.73000000000002,395.46000000000004 C 89.25853108773288,395.46000000000004 0.000000000000013283923720221959,306.20146891226716 0,197.73000000000005 C -0.000000000000013283923720221959,89.2585310877329 89.25853108773285,0.000000000000019925885580332936 197.73,0 C 306.20146891226716,-0.000000000000019925885580332936 395.46000000000004,89.25853108773282 395.46000000000004,197.72999999999996 Z"
