---
source: src/path/mod.rs
expression: c.to_svg_path_d()
---
"M 375.18,187.59 C 375.18,290.49882948086884 290.49882948086884,375.18 187.59,375.18 C 84.68117051913119,375.18 0.00000000000001260269686277468,290.49882948086884 0,187.59000000000003 C -0.00000000000001260269686277468,84.68117051913121 84.68117051913116,0.000000000000018904045294162017 187.58999999999997,0 C 290.4988294808688,-0.000000000000018904045294162017 375.18,84.68117051913113 375.18,187.58999999999995 Z"
