---
source: src/path/mod.rs
expression: c.to_svg_path_d()
---
"M 20.28,10.14 C 20.28,15.702639431398316 15.702639431398316,20.28 10.14,20.28 C 4.577360568601685,20.28 0.00000000000000068122685744728,15.702639431398318 0,10.140000000000002 C -0.00000000000000068122685744728,4.577360568601687 4.577360568601684,0.0000000000000010218402861709199 10.139999999999999,0 C 15.702639431398314,-0.0000000000000010218402861709199 20.28,4.577360568601684 20.28,10.139999999999999 Z"
